// Jest Snapshot v1, https://goo.gl/fbAQLP

exports[`<InputSearch /> should match snapshot 1`] = `
<input
  class="search-input"
  placeholder="Type your search"
  type="search"
  value="testando"
/>
`;
